$ tasks-axi add panda-model-retest Retest the panda model --kind scout --start
  ok: added panda-model-retest (scout) -> In flight
  task:
    id: panda-model-retest
    title: Retest the panda model
    state: in_flight
    blocked: no
    blocked_by: none
    held: no
    hold_reason: "-"
    hold_kind: "-"
    hold_until: "-"
    kind: scout
    repo: "-"
    priority: "-"
    created: 2026-09-29
    closed: "-"
    deps: none
    links: none
    body: ""
  help[2]:
    - Run `tasks-axi done panda-model-retest --pr <url>` when it ships
    - Run `tasks-axi block panda-model-retest --by <other>` to record a dependency
$ /Users/trpmac2/.no-mistakes/worktrees/354ca8d119eb/01M3P4TCF7PCEXPC27J54PGGGC/bin/fm-captain-hold.sh hold panda-library-proposals --title Pick library proposals --reason captain choice pending
panda-library-proposals
[exit 0]
$ /Users/trpmac2/.no-mistakes/worktrees/354ca8d119eb/01M3P4TCF7PCEXPC27J54PGGGC/bin/fm-captain-hold.sh hold panda-model-setting-lockdown --title Lock down model setting --reason captain choice pending
panda-model-setting-lockdown
[exit 0]
$ /Users/trpmac2/.no-mistakes/worktrees/354ca8d119eb/01M3P4TCF7PCEXPC27J54PGGGC/bin/fm-captain-hold.sh complete panda-model-retest panda-library-proposals panda-model-setting-lockdown
complete: panda-model-retest captain-call inventory reviewed (panda-library-proposals,panda-model-setting-lockdown)
[exit 0]
--- meta after inventory:
decisions_reviewed=1
decision_keys=panda-library-proposals,panda-model-setting-lockdown
$ /Users/trpmac2/.no-mistakes/worktrees/354ca8d119eb/01M3P4TCF7PCEXPC27J54PGGGC/bin/fm-captain-hold.sh answer panda-model-setting-lockdown --decision-file /var/folders/r4/lj5nyr393lv0s3j7ltth6dxc0000gn/T//fm-lab.vzP5QY/h-head3/lockdown.txt
answered: panda-model-setting-lockdown
[exit 0]
$ /Users/trpmac2/.no-mistakes/worktrees/354ca8d119eb/01M3P4TCF7PCEXPC27J54PGGGC/bin/fm-captain-hold.sh answer panda-library-proposals --decision-file /var/folders/r4/lj5nyr393lv0s3j7ltth6dxc0000gn/T//fm-lab.vzP5QY/h-head3/library.txt
answered: panda-library-proposals
[exit 0]
--- Done retention (keep 1 newest Done row):
$ tasks-axi prune --keep 1
  ok: prune done -> archived 1 (kept 1)
  help[1]:
    - Run `tasks-axi list --state done` to see retained Done items
--- backlog.md Done section:
## Done
- [x] panda-library-proposals - Pick library proposals (repo: firstmate) (kind: captain) (done 2026-09-29) (hold: captain choice pending) (hold-kind: captain)
  Resolution recorded by fm-captain-hold.
  Decision digest: a3ac1cddcb9395e263e4f41bdf29ebbfd234ab620da0fdf82e3c37e031da965c
  Resolution mode: answered

  Captain decision:
  Adopt proposals A and C.

--- done-archive.md:

## Archived 2026-09-29
- [x] panda-model-setting-lockdown - Lock down model setting (repo: firstmate) (kind: captain) (done 2026-09-29) (hold: captain choice pending) (hold-kind: captain)
  Resolution recorded by fm-captain-hold.
  Decision digest: 4120e90ce3bf1df883a6cdc7d0f14da39e570a0dde9e9a91a1b6aa7dfe70cc30
  Resolution mode: answered

  Captain decision:
  Lock the model setting to the retested value.

$ tasks-axi show panda-model-setting-lockdown
  error: "Task \"panda-model-setting-lockdown\" not found in this backlog"
  code: NOT_FOUND
  help[1]: Run `tasks-axi list` to see existing tasks
=== THE REPORTED FAILURE PATH ===
$ /Users/trpmac2/.no-mistakes/worktrees/354ca8d119eb/01M3P4TCF7PCEXPC27J54PGGGC/bin/fm-captain-hold.sh complete panda-model-retest --none
complete: panda-model-retest captain-call inventory reviewed (panda-library-proposals,panda-model-setting-lockdown)
[exit 0]
$ /Users/trpmac2/.no-mistakes/worktrees/354ca8d119eb/01M3P4TCF7PCEXPC27J54PGGGC/bin/fm-captain-hold.sh verify panda-model-retest
verified: panda-model-retest captain-call inventory
[exit 0]
$ /Users/trpmac2/.no-mistakes/worktrees/354ca8d119eb/01M3P4TCF7PCEXPC27J54PGGGC/bin/fm-teardown.sh panda-model-retest
fm-gate-refuse: gate agent lifecycle permitted only against lab home /var/folders/r4/lj5nyr393lv0s3j7ltth6dxc0000gn/T//fm-lab.vzP5QY/h-head3
●━━━━━━━━━━━━━━━━━━━━━━━━━━━━━━━━━━━━━━━━━━━━━━━━━━━━━━━━━━━━━━━━━━━━━━━
●  WATCHER DOWN - SUPERVISION IS OFF
●  1 task(s) in flight, but no watcher has a fresh beacon (last beat: never, grace 300s).
●  Trust the emitted supervision protocol for this harness; do not use shell & for watcher repair.
●  This is a supervision warning only; the guarded operation WILL still run.
●  watcher supervision needs Stop-owned automatic recovery; inspect the hook registration and startup status before ending the turn.
●━━━━━━━━━━━━━━━━━━━━━━━━━━━━━━━━━━━━━━━━━━━━━━━━━━━━━━━━━━━━━━━━━━━━━━━
teardown panda-model-retest complete (window none, worktree /var/folders/r4/lj5nyr393lv0s3j7ltth6dxc0000gn/T//fm-lab.vzP5QY/h-head3/projects/missing-panda-model-retest, legacy record accepted without spawn_gen: endpoint missing, incarnation legacy-20260929T083957Z-8984)
Backlog: panda-model-retest is closed in /private/var/folders/r4/lj5nyr393lv0s3j7ltth6dxc0000gn/T/fm-lab.vzP5QY/h-head3/data/backlog.md. Run bin/fm-tasks-axi.sh ready for dependency-cleared candidates, check date gates, and dispatch only work whose blockers are gone and date is due.
[exit 0]
--- post-teardown:
home-summary.json
terminal-outcomes
$ tasks-axi show panda-model-retest
  task:
    id: panda-model-retest
    title: Retest the panda model data/panda-model-retest/report.md
    state: done
